=== QoS-Pressure STRONG-MEDIUM scan started at 2026年 5月17日 星期日 09时00分26秒 CST ===
Log: logs/qos_pressure_strong_medium_0_1200_20260517_090026.log

============================================================
Stage 1: quick scan 0..1199, eval 200:204, stronger pressure
============================================================
[QoS Scan] processed=20/1200 medium=17 easy=3 hard=0 overloaded=0 errors=0
[QoS Scan] processed=40/1200 medium=32 easy=8 hard=0 overloaded=0 errors=0
[QoS Scan] processed=60/1200 medium=49 easy=11 hard=0 overloaded=0 errors=0
[QoS Scan] processed=80/1200 medium=67 easy=13 hard=0 overloaded=0 errors=0
[QoS Scan] processed=100/1200 medium=87 easy=13 hard=0 overloaded=0 errors=0
[QoS Scan] processed=120/1200 medium=103 easy=17 hard=0 overloaded=0 errors=0
[QoS Scan] processed=140/1200 medium=120 easy=20 hard=0 overloaded=0 errors=0
[QoS Scan] processed=160/1200 medium=138 easy=22 hard=0 overloaded=0 errors=0
[QoS Scan] processed=180/1200 medium=158 easy=22 hard=0 overloaded=0 errors=0
[QoS Scan] processed=200/1200 medium=177 easy=23 hard=0 overloaded=0 errors=0
[QoS Scan] processed=220/1200 medium=195 easy=25 hard=0 overloaded=0 errors=0
[QoS Scan] processed=240/1200 medium=212 easy=28 hard=0 overloaded=0 errors=0
[QoS Scan] processed=260/1200 medium=230 easy=30 hard=0 overloaded=0 errors=0
[QoS Scan] processed=280/1200 medium=248 easy=32 hard=0 overloaded=0 errors=0
[QoS Scan] processed=300/1200 medium=268 easy=32 hard=0 overloaded=0 errors=0
[QoS Scan] processed=320/1200 medium=288 easy=32 hard=0 overloaded=0 errors=0
[QoS Scan] processed=340/1200 medium=308 easy=32 hard=0 overloaded=0 errors=0
[QoS Scan] processed=360/1200 medium=326 easy=34 hard=0 overloaded=0 errors=0
[QoS Scan] processed=380/1200 medium=343 easy=37 hard=0 overloaded=0 errors=0
[QoS Scan] processed=400/1200 medium=361 easy=39 hard=0 overloaded=0 errors=0
[QoS Scan] processed=420/1200 medium=377 easy=43 hard=0 overloaded=0 errors=0
[QoS Scan] processed=440/1200 medium=393 easy=47 hard=0 overloaded=0 errors=0
[QoS Scan] processed=460/1200 medium=409 easy=51 hard=0 overloaded=0 errors=0
[QoS Scan] processed=480/1200 medium=427 easy=53 hard=0 overloaded=0 errors=0
[QoS Scan] processed=500/1200 medium=444 easy=56 hard=0 overloaded=0 errors=0
[QoS Scan] processed=520/1200 medium=460 easy=60 hard=0 overloaded=0 errors=0
[QoS Scan] processed=540/1200 medium=475 easy=65 hard=0 overloaded=0 errors=0
[QoS Scan] processed=560/1200 medium=493 easy=67 hard=0 overloaded=0 errors=0
[QoS Scan] processed=580/1200 medium=512 easy=68 hard=0 overloaded=0 errors=0
[QoS Scan] processed=600/1200 medium=530 easy=70 hard=0 overloaded=0 errors=0
[QoS Scan] processed=620/1200 medium=548 easy=72 hard=0 overloaded=0 errors=0
[QoS Scan] processed=640/1200 medium=563 easy=77 hard=0 overloaded=0 errors=0
[QoS Scan] processed=660/1200 medium=581 easy=79 hard=0 overloaded=0 errors=0
[QoS Scan] processed=680/1200 medium=601 easy=79 hard=0 overloaded=0 errors=0
[QoS Scan] processed=700/1200 medium=620 easy=80 hard=0 overloaded=0 errors=0
[QoS Scan] processed=720/1200 medium=637 easy=83 hard=0 overloaded=0 errors=0
[QoS Scan] processed=740/1200 medium=657 easy=83 hard=0 overloaded=0 errors=0
[QoS Scan] processed=760/1200 medium=677 easy=83 hard=0 overloaded=0 errors=0
[QoS Scan] processed=780/1200 medium=692 easy=88 hard=0 overloaded=0 errors=0
[QoS Scan] processed=800/1200 medium=709 easy=91 hard=0 overloaded=0 errors=0
[QoS Scan] processed=820/1200 medium=726 easy=94 hard=0 overloaded=0 errors=0
[QoS Scan] processed=840/1200 medium=742 easy=98 hard=0 overloaded=0 errors=0
[QoS Scan] processed=860/1200 medium=760 easy=100 hard=0 overloaded=0 errors=0
[QoS Scan] processed=880/1200 medium=778 easy=102 hard=0 overloaded=0 errors=0
[QoS Scan] processed=900/1200 medium=797 easy=103 hard=0 overloaded=0 errors=0
[QoS Scan] processed=920/1200 medium=814 easy=106 hard=0 overloaded=0 errors=0
[QoS Scan] processed=940/1200 medium=832 easy=108 hard=0 overloaded=0 errors=0
[QoS Scan] processed=960/1200 medium=848 easy=112 hard=0 overloaded=0 errors=0
[QoS Scan] processed=980/1200 medium=867 easy=113 hard=0 overloaded=0 errors=0
[QoS Scan] processed=1000/1200 medium=882 easy=118 hard=0 overloaded=0 errors=0
[QoS Scan] processed=1020/1200 medium=899 easy=121 hard=0 overloaded=0 errors=0
[QoS Scan] processed=1040/1200 medium=917 easy=123 hard=0 overloaded=0 errors=0
[QoS Scan] processed=1060/1200 medium=935 easy=125 hard=0 overloaded=0 errors=0
[QoS Scan] processed=1080/1200 medium=954 easy=126 hard=0 overloaded=0 errors=0
[QoS Scan] processed=1100/1200 medium=973 easy=127 hard=0 overloaded=0 errors=0
[QoS Scan] processed=1120/1200 medium=991 easy=129 hard=0 overloaded=0 errors=0
[QoS Scan] processed=1140/1200 medium=1008 easy=132 hard=0 overloaded=0 errors=0
[QoS Scan] processed=1160/1200 medium=1027 easy=133 hard=0 overloaded=0 errors=0
[QoS Scan] processed=1180/1200 medium=1044 easy=136 hard=0 overloaded=0 errors=0
[QoS Scan] processed=1200/1200 medium=1062 easy=138 hard=0 overloaded=0 errors=0
[QoS Scan Summary]
easy=138
medium=1062
hard=0
overloaded=0
unknown=0
recommended_for_qos_dqn=1062

============================================================
Stage 1b: summarize quick scan
============================================================
[QoS Pressure Scan Summary]
total_rows=1200
schedulable_rows=1200
recommended_rows=1062
easy_count=138
medium_count=1062
hard_count=0
overloaded_count=0
unknown_count=0

============================================================
Stage 2: save EASY top20 from quick scan
============================================================
[QoS Select Summary]
scan_rows=1200
selected=0
rejected=1200
bucket=easy
baseline_lc_service_loss_mean_selected=
baseline_lc_qos_mean_selected=
static_sweep_relative_lc_loss_reduction_mean_selected=
output=outputs/tasksets/mc_fairgen_qos_pressure_strong_easy_top20_0_1200_lop020_lorho010_030.csv

============================================================
Stage 3: save HARD top20 from quick scan
============================================================
[QoS Select Summary]
scan_rows=1200
selected=0
rejected=1200
bucket=hard
baseline_lc_service_loss_mean_selected=
baseline_lc_qos_mean_selected=
static_sweep_relative_lc_loss_reduction_mean_selected=
output=outputs/tasksets/mc_fairgen_qos_pressure_strong_hard_top20_0_1200_lop020_lorho010_030.csv

============================================================
Stage 4: select strong-medium candidates from quick scan
Target quick loss range: 0.14~0.35, prefer center 0.22
============================================================
strong-medium candidate count = 250
first 40 seeds = [np.int64(0), np.int64(18), np.int64(21), np.int64(23), np.int64(30), np.int64(33), np.int64(43), np.int64(48), np.int64(57), np.int64(58), np.int64(59), np.int64(64), np.int64(70), np.int64(72), np.int64(73), np.int64(74), np.int64(86), np.int64(89), np.int64(90), np.int64(95), np.int64(105), np.int64(106), np.int64(108), np.int64(110), np.int64(115), np.int64(119), np.int64(130), np.int64(132), np.int64(134), np.int64(140), np.int64(148), np.int64(169), np.int64(175), np.int64(177), np.int64(178), np.int64(180), np.int64(181), np.int64(185), np.int64(187), np.int64(188)]

============================================================
Stage 5: formal baseline rescan for strong-medium top250
============================================================
[QoS Scan] processed=20/250 medium=20 easy=0 hard=0 overloaded=0 errors=0
[QoS Scan] processed=40/250 medium=40 easy=0 hard=0 overloaded=0 errors=0
[QoS Scan] processed=60/250 medium=60 easy=0 hard=0 overloaded=0 errors=0
[QoS Scan] processed=80/250 medium=80 easy=0 hard=0 overloaded=0 errors=0
[QoS Scan] processed=100/250 medium=100 easy=0 hard=0 overloaded=0 errors=0
[QoS Scan] processed=120/250 medium=120 easy=0 hard=0 overloaded=0 errors=0
[QoS Scan] processed=140/250 medium=140 easy=0 hard=0 overloaded=0 errors=0
[QoS Scan] processed=160/250 medium=160 easy=0 hard=0 overloaded=0 errors=0
[QoS Scan] processed=180/250 medium=180 easy=0 hard=0 overloaded=0 errors=0
[QoS Scan] processed=200/250 medium=200 easy=0 hard=0 overloaded=0 errors=0
[QoS Scan] processed=220/250 medium=220 easy=0 hard=0 overloaded=0 errors=0
[QoS Scan] processed=240/250 medium=240 easy=0 hard=0 overloaded=0 errors=0
[QoS Scan] processed=250/250 medium=250 easy=0 hard=0 overloaded=0 errors=0
[QoS Scan Summary]
easy=0
medium=250
hard=0
overloaded=0
unknown=0
recommended_for_qos_dqn=250

============================================================
Stage 5b: summarize formal baseline rescan
============================================================
[QoS Pressure Scan Summary]
total_rows=250
schedulable_rows=250
recommended_rows=250
easy_count=0
medium_count=250
hard_count=0
overloaded_count=0
unknown_count=0

============================================================
Stage 6: select formal strong-medium top80 for static sweep
Formal loss target: 0.15~0.30, prefer center 0.22
============================================================
formal strong-medium top80 count = 80
seeds = [np.int64(23), np.int64(58), np.int64(90), np.int64(95), np.int64(108), np.int64(110), np.int64(115), np.int64(119), np.int64(130), np.int64(132), np.int64(134), np.int64(177), np.int64(187), np.int64(190), np.int64(202), np.int64(206), np.int64(225), np.int64(238), np.int64(246), np.int64(254), np.int64(259), np.int64(260), np.int64(266), np.int64(283), np.int64(284), np.int64(286), np.int64(322), np.int64(325), np.int64(379), np.int64(387), np.int64(391), np.int64(418), np.int64(423), np.int64(428), np.int64(452), np.int64(470), np.int64(474), np.int64(490), np.int64(509), np.int64(510), np.int64(545), np.int64(560), np.int64(570), np.int64(573), np.int64(580), np.int64(594), np.int64(602), np.int64(605), np.int64(612), np.int64(624), np.int64(662), np.int64(666), np.int64(688), np.int64(700), np.int64(705), np.int64(746), np.int64(831), np.int64(832), np.int64(834), np.int64(835), np.int64(859), np.int64(864), np.int64(911), np.int64(927), np.int64(933), np.int64(959), np.int64(983), np.int64(1019), np.int64(1029), np.int64(1040), np.int64(1041), np.int64(1053), np.int64(1064), np.int64(1075), np.int64(1081), np.int64(1085), np.int64(1092), np.int64(1098), np.int64(1116), np.int64(1146)]

============================================================
Stage 7: static sweep for formal strong-medium top80
============================================================
[QoS Scan] processed=20/80 medium=20 easy=0 hard=0 overloaded=0 errors=0
[QoS Scan] processed=40/80 medium=40 easy=0 hard=0 overloaded=0 errors=0
