=== QoS-Pressure overnight scan started at 2026年 5月16日 星期六 23时37分06秒 CST ===
Log: logs/qos_pressure_overnight_0_1200_all_buckets_20260516_233706.log

============================================================
Stage 1: quick baseline scan, seeds 0..1199, eval 200:204
============================================================
[QoS Scan] processed=20/1200 medium=2 easy=18 hard=0 overloaded=0 errors=0
[QoS Scan] processed=40/1200 medium=6 easy=34 hard=0 overloaded=0 errors=0
[QoS Scan] processed=60/1200 medium=10 easy=50 hard=0 overloaded=0 errors=0
[QoS Scan] processed=80/1200 medium=16 easy=64 hard=0 overloaded=0 errors=0
[QoS Scan] processed=100/1200 medium=21 easy=79 hard=0 overloaded=0 errors=0
[QoS Scan] processed=120/1200 medium=27 easy=93 hard=0 overloaded=0 errors=0
[QoS Scan] processed=140/1200 medium=30 easy=110 hard=0 overloaded=0 errors=0
[QoS Scan] processed=160/1200 medium=31 easy=129 hard=0 overloaded=0 errors=0
[QoS Scan] processed=180/1200 medium=35 easy=145 hard=0 overloaded=0 errors=0
[QoS Scan] processed=200/1200 medium=42 easy=158 hard=0 overloaded=0 errors=0
[QoS Scan] processed=220/1200 medium=46 easy=174 hard=0 overloaded=0 errors=0
[QoS Scan] processed=240/1200 medium=50 easy=190 hard=0 overloaded=0 errors=0
[QoS Scan] processed=260/1200 medium=55 easy=205 hard=0 overloaded=0 errors=0
[QoS Scan] processed=280/1200 medium=58 easy=222 hard=0 overloaded=0 errors=0
[QoS Scan] processed=300/1200 medium=65 easy=235 hard=0 overloaded=0 errors=0
[QoS Scan] processed=320/1200 medium=68 easy=252 hard=0 overloaded=0 errors=0
[QoS Scan] processed=340/1200 medium=72 easy=268 hard=0 overloaded=0 errors=0
[QoS Scan] processed=360/1200 medium=76 easy=284 hard=0 overloaded=0 errors=0
[QoS Scan] processed=380/1200 medium=80 easy=300 hard=0 overloaded=0 errors=0
[QoS Scan] processed=400/1200 medium=82 easy=318 hard=0 overloaded=0 errors=0
[QoS Scan] processed=420/1200 medium=85 easy=335 hard=0 overloaded=0 errors=0
[QoS Scan] processed=440/1200 medium=88 easy=352 hard=0 overloaded=0 errors=0
[QoS Scan] processed=460/1200 medium=89 easy=371 hard=0 overloaded=0 errors=0
[QoS Scan] processed=480/1200 medium=93 easy=387 hard=0 overloaded=0 errors=0
[QoS Scan] processed=500/1200 medium=95 easy=405 hard=0 overloaded=0 errors=0
[QoS Scan] processed=520/1200 medium=100 easy=420 hard=0 overloaded=0 errors=0
[QoS Scan] processed=540/1200 medium=102 easy=438 hard=0 overloaded=0 errors=0
[QoS Scan] processed=560/1200 medium=105 easy=455 hard=0 overloaded=0 errors=0
[QoS Scan] processed=580/1200 medium=110 easy=470 hard=0 overloaded=0 errors=0
[QoS Scan] processed=600/1200 medium=114 easy=486 hard=0 overloaded=0 errors=0
[QoS Scan] processed=620/1200 medium=120 easy=500 hard=0 overloaded=0 errors=0
[QoS Scan] processed=640/1200 medium=121 easy=519 hard=0 overloaded=0 errors=0
[QoS Scan] processed=660/1200 medium=122 easy=538 hard=0 overloaded=0 errors=0
[QoS Scan] processed=680/1200 medium=128 easy=552 hard=0 overloaded=0 errors=0
[QoS Scan] processed=700/1200 medium=131 easy=569 hard=0 overloaded=0 errors=0
[QoS Scan] processed=720/1200 medium=133 easy=587 hard=0 overloaded=0 errors=0
[QoS Scan] processed=740/1200 medium=137 easy=603 hard=0 overloaded=0 errors=0
[QoS Scan] processed=760/1200 medium=140 easy=620 hard=0 overloaded=0 errors=0
[QoS Scan] processed=780/1200 medium=144 easy=636 hard=0 overloaded=0 errors=0
[QoS Scan] processed=800/1200 medium=146 easy=654 hard=0 overloaded=0 errors=0
[QoS Scan] processed=820/1200 medium=150 easy=670 hard=0 overloaded=0 errors=0
[QoS Scan] processed=840/1200 medium=156 easy=684 hard=0 overloaded=0 errors=0
[QoS Scan] processed=860/1200 medium=158 easy=702 hard=0 overloaded=0 errors=0
[QoS Scan] processed=880/1200 medium=159 easy=721 hard=0 overloaded=0 errors=0
[QoS Scan] processed=900/1200 medium=161 easy=739 hard=0 overloaded=0 errors=0
[QoS Scan] processed=920/1200 medium=163 easy=757 hard=0 overloaded=0 errors=0
[QoS Scan] processed=940/1200 medium=165 easy=775 hard=0 overloaded=0 errors=0
[QoS Scan] processed=960/1200 medium=172 easy=788 hard=0 overloaded=0 errors=0
[QoS Scan] processed=980/1200 medium=173 easy=807 hard=0 overloaded=0 errors=0
[QoS Scan] processed=1000/1200 medium=175 easy=825 hard=0 overloaded=0 errors=0
[QoS Scan] processed=1020/1200 medium=179 easy=841 hard=0 overloaded=0 errors=0
[QoS Scan] processed=1040/1200 medium=181 easy=859 hard=0 overloaded=0 errors=0
[QoS Scan] processed=1060/1200 medium=185 easy=875 hard=0 overloaded=0 errors=0
[QoS Scan] processed=1080/1200 medium=189 easy=891 hard=0 overloaded=0 errors=0
[QoS Scan] processed=1100/1200 medium=193 easy=907 hard=0 overloaded=0 errors=0
[QoS Scan] processed=1120/1200 medium=198 easy=922 hard=0 overloaded=0 errors=0
[QoS Scan] processed=1140/1200 medium=201 easy=939 hard=0 overloaded=0 errors=0
[QoS Scan] processed=1160/1200 medium=204 easy=956 hard=0 overloaded=0 errors=0
[QoS Scan] processed=1180/1200 medium=207 easy=973 hard=0 overloaded=0 errors=0
[QoS Scan] processed=1200/1200 medium=209 easy=991 hard=0 overloaded=0 errors=0
[QoS Scan Summary]
easy=991
medium=209
hard=0
overloaded=0
unknown=0
recommended_for_qos_dqn=209

============================================================
Stage 1b: summarize quick scan
============================================================
[QoS Pressure Scan Summary]
total_rows=1200
schedulable_rows=1200
recommended_rows=209
easy_count=991
medium_count=209
hard_count=0
overloaded_count=0
unknown_count=0

============================================================
Stage 2: select top200 candidate seeds from quick scan
============================================================
candidate count = 200
first 30 seeds = [np.int64(0), np.int64(18), np.int64(21), np.int64(23), np.int64(30), np.int64(33), np.int64(43), np.int64(57), np.int64(58), np.int64(63), np.int64(64), np.int64(70), np.int64(72), np.int64(73), np.int64(74), np.int64(80), np.int64(86), np.int64(89), np.int64(90), np.int64(95), np.int64(105), np.int64(106), np.int64(108), np.int64(110), np.int64(115), np.int64(119), np.int64(130), np.int64(132), np.int64(134), np.int64(140)]

============================================================
Stage 3: formal baseline rescan for top200 candidates, eval 200:229
============================================================
[QoS Scan] processed=20/200 medium=15 easy=5 hard=0 overloaded=0 errors=0
[QoS Scan] processed=40/200 medium=30 easy=10 hard=0 overloaded=0 errors=0
[QoS Scan] processed=60/200 medium=48 easy=12 hard=0 overloaded=0 errors=0
[QoS Scan] processed=80/200 medium=64 easy=16 hard=0 overloaded=0 errors=0
[QoS Scan] processed=100/200 medium=82 easy=18 hard=0 overloaded=0 errors=0
[QoS Scan] processed=120/200 medium=99 easy=21 hard=0 overloaded=0 errors=0
[QoS Scan] processed=140/200 medium=113 easy=27 hard=0 overloaded=0 errors=0
[QoS Scan] processed=160/200 medium=130 easy=30 hard=0 overloaded=0 errors=0
[QoS Scan] processed=180/200 medium=149 easy=31 hard=0 overloaded=0 errors=0
[QoS Scan] processed=200/200 medium=164 easy=36 hard=0 overloaded=0 errors=0
[QoS Scan Summary]
easy=36
medium=164
hard=0
overloaded=0
unknown=0
recommended_for_qos_dqn=164

============================================================
Stage 3b: summarize formal baseline rescan
============================================================
[QoS Pressure Scan Summary]
total_rows=200
schedulable_rows=200
recommended_rows=164
easy_count=36
medium_count=164
hard_count=0
overloaded_count=0
unknown_count=0

============================================================
Stage 4: select formal medium top50 for static sweep
============================================================
formal medium top50 count = 50
seeds = [np.int64(23), np.int64(58), np.int64(90), np.int64(95), np.int64(108), np.int64(110), np.int64(115), np.int64(119), np.int64(130), np.int64(132), np.int64(134), np.int64(177), np.int64(190), np.int64(206), np.int64(225), np.int64(260), np.int64(284), np.int64(286), np.int64(322), np.int64(325), np.int64(379), np.int64(387), np.int64(391), np.int64(418), np.int64(423), np.int64(428), np.int64(452), np.int64(474), np.int64(490), np.int64(545), np.int64(573), np.int64(580), np.int64(594), np.int64(612), np.int64(624), np.int64(688), np.int64(700), np.int64(746), np.int64(831), np.int64(835), np.int64(859), np.int64(911), np.int64(927), np.int64(933), np.int64(959), np.int64(1019), np.int64(1029), np.int64(1041), np.int64(1092), np.int64(1098)]

============================================================
Stage 5: static sweep for formal medium top50
============================================================
[QoS Scan] processed=20/50 medium=20 easy=0 hard=0 overloaded=0 errors=0
[QoS Scan] processed=40/50 medium=40 easy=0 hard=0 overloaded=0 errors=0
[QoS Scan] processed=50/50 medium=50 easy=0 hard=0 overloaded=0 errors=0
[QoS Scan Summary]
easy=0
medium=50
hard=0
overloaded=0
unknown=0
recommended_for_qos_dqn=0

============================================================
Stage 5b: summarize static sweep scan
============================================================
[QoS Pressure Scan Summary]
total_rows=50
schedulable_rows=50
recommended_rows=0
easy_count=0
medium_count=50
hard_count=0
overloaded_count=0
unknown_count=0

============================================================
Stage 6: select final MEDIUM top20 from static sweep result
============================================================
[QoS Select Summary]
scan_rows=50
selected=20
rejected=0
bucket=medium
baseline_lc_service_loss_mean_selected=0.11157264302216748
baseline_lc_qos_mean_selected=0.8884273569778325
static_sweep_relative_lc_loss_reduction_mean_selected=0.001336126682572679
output=outputs/tasksets/mc_fairgen_qos_pressure_medium_top20_0_1200.csv

============================================================
Stage 6b: select EASY top20 from quick scan
============================================================
[QoS Select Summary]
scan_rows=1200
selected=0
rejected=1200
bucket=easy
baseline_lc_service_loss_mean_selected=
baseline_lc_qos_mean_selected=
static_sweep_relative_lc_loss_reduction_mean_selected=
output=outputs/tasksets/mc_fairgen_qos_pressure_easy_top20_0_1200.csv

============================================================
Stage 6c: select HARD top20 from quick scan
============================================================
[QoS Select Summary]
scan_rows=1200
selected=0
rejected=1200
bucket=hard
baseline_lc_service_loss_mean_selected=
baseline_lc_qos_mean_selected=
static_sweep_relative_lc_loss_reduction_mean_selected=
output=outputs/tasksets/mc_fairgen_qos_pressure_hard_top20_0_1200.csv

============================================================
Stage 7: final bucket inspection
============================================================

=== EASY ===
rows: 0

=== MEDIUM ===
rows: 20
 candidate_seed  baseline_lc_service_loss_mean  baseline_lc_qos_mean  baseline_mode_changes_mean qos_pressure_bucket  static_sweep_relative_lc_loss_reduction  recommended_for_qos_dqn
            391                       0.114472              0.885528                   60.172414              medium                             2.572953e-04                    False
            130                       0.114078              0.885922                   89.896552              medium                             8.326982e-04                    False
            573                       0.114016              0.885984                   48.655172              medium                             2.275686e-03                    False
            134                       0.113665              0.886335                   65.724138              medium                             4.030132e-04                    False
           1092                       0.113587              0.886413                   60.448276              medium                             9.555973e-04                    False
            325                       0.113447              0.886553                   43.482759              medium                             1.955309e-05                    False
            108                       0.113213              0.886787                   92.931034              medium                             1.496935e-03                    False
            490                       0.111669              0.888331                  135.896552              medium                             1.444940e-02                    False
            594                       0.111394              0.888606                   37.172414              medium                             1.589905e-03                    False
            110                       0.110794              0.889206                   55.000000              medium                             0.000000e+00                    False
            115                       0.110714              0.889286                   53.620690              medium                             6.522004e-04                    False
            580                       0.110630              0.889370                  125.517241              medium                             0.000000e+00                    False
            119                       0.110565              0.889435                  155.103448              medium                             0.000000e+00                    False
            132                       0.110385              0.889615                   89.379310              medium                             9.481050e-08                    False
            190                       0.110130              0.889870                  107.931034              medium                             0.000000e+00                    False
            379                       0.110074              0.889926                  115.724138              medium                             1.473306e-03                    False
           1098                       0.109816              0.890184                   86.793103              medium                             0.000000e+00                    False
            835                       0.109778              0.890222                  126.965517              medium                             2.032635e-03                    False
            612                       0.109610              0.890390                  110.241379              medium                             0.000000e+00                    False
            418                       0.109417              0.890583                  197.000000              medium                             2.842130e-04                    False

=== HARD ===
rows: 0

=== QoS-Pressure overnight scan finished at 2026年 5月17日 星期日 05时45分19秒 CST ===

Main outputs:
  outputs/tasksets/qos_pressure_quick_scan_0_1200_eval200_204.csv
  outputs/tasksets/qos_pressure_quick_scan_0_1200_eval200_204_summary.csv
  outputs/tasksets/qos_pressure_formal_baseline_candidates_0_1200_top200.csv
  outputs/tasksets/qos_pressure_formal_baseline_candidates_0_1200_top200_summary.csv
  outputs/tasksets/qos_pressure_static_sweep_medium_top50_0_1200.csv
  outputs/tasksets/qos_pressure_static_sweep_medium_top50_0_1200_summary.csv
  outputs/tasksets/mc_fairgen_qos_pressure_easy_top20_0_1200.csv
  outputs/tasksets/mc_fairgen_qos_pressure_medium_top20_0_1200.csv
  outputs/tasksets/mc_fairgen_qos_pressure_hard_top20_0_1200.csv

Log:
  logs/qos_pressure_overnight_0_1200_all_buckets_20260516_233706.log
